lottikarotti:~# dmesg
Linux version 2.6.22-4-686 (Debian 2.6.22-6~bpo40+2) (nobse@debian.org) (gcc version 4.1.2 20061115 (prerelease) (Debian 4.1.1-21)) #1 SMP Tue Feb 12 16:29:32 UTC 2008
BIOS-provided physical RAM map:
 BIOS-e820: 0000000000000000 - 000000000009dc00 (usable)
 BIOS-e820: 000000000009dc00 - 00000000000a0000 (reserved)
 BIOS-e820: 00000000000e3000 - 0000000000100000 (reserved)
 BIOS-e820: 0000000000100000 - 00000000bffb0000 (usable)
 BIOS-e820: 00000000bffb0000 - 00000000bffbe000 (ACPI data)
 BIOS-e820: 00000000bffbe000 - 00000000bfff0000 (ACPI NVS)
 BIOS-e820: 00000000bfff0000 - 00000000c0000000 (reserved)
 BIOS-e820: 00000000fee00000 - 00000000fee01000 (reserved)
 BIOS-e820: 00000000ffb00000 - 0000000100000000 (reserved)
2175MB HIGHMEM available.
896MB LOWMEM available.
found SMP MP-table at 000ff780
Entering add_active_range(0, 0, 786352) 0 entries of 256 used
Zone PFN ranges:
  DMA             0 ->     4096
  Normal       4096 ->   229376
  HighMem    229376 ->   786352
early_node_map[1] active PFN ranges
    0:        0 ->   786352
On node 0 totalpages: 786352
  DMA zone: 32 pages used for memmap
  DMA zone: 0 pages reserved
  DMA zone: 4064 pages, LIFO batch:0
  Normal zone: 1760 pages used for memmap
  Normal zone: 223520 pages, LIFO batch:31
  HighMem zone: 4351 pages used for memmap
  HighMem zone: 552625 pages, LIFO batch:31
DMI present.
ACPI: RSDP 000F9760, 0014 (r0 ACPIAM)
ACPI: RSDT BFFB0000, 003C (r1 072307 RSDT0949 20070723 MSFT       97)
ACPI: FACP BFFB0200, 0084 (r2 072307 FACP0949 20070723 MSFT       97)
ACPI: DSDT BFFB0440, 52B7 (r1  0AAAA 0AAAA000        0 INTL 20051117)
ACPI: FACS BFFBE000, 0040
ACPI: APIC BFFB0390, 006C (r1 072307 APIC0949 20070723 MSFT       97)
ACPI: MCFG BFFB0400, 003C (r1 072307 OEMMCFG  20070723 MSFT       97)
ACPI: OEMB BFFBE040, 0061 (r1 072307 OEMB0949 20070723 MSFT       97)
ACPI: GSCI BFFBE0B0, 2024 (r1 072307 GMCHSCI  20070723 MSFT       97)
ACPI: SSDT BFFC1320, 082F (r1 DpgPmm    CpuPm       12 INTL 20051117)
ACPI: PM-Timer IO Port: 0x808
ACPI: Local APIC address 0xfee00000
ACPI: LAPIC (acpi_id[0x01] lapic_id[0x00] enabled)
Processor #0 6:15 APIC version 20
ACPI: LAPIC (acpi_id[0x02] lapic_id[0x01] enabled)
Processor #1 6:15 APIC version 20
ACPI: LAPIC (acpi_id[0x03] lapic_id[0x02] enabled)
Processor #2 6:15 APIC version 20
ACPI: LAPIC (acpi_id[0x04] lapic_id[0x03] enabled)
Processor #3 6:15 APIC version 20
ACPI: IOAPIC (id[0x04] address[0xfec00000] gsi_base[0])
IOAPIC[0]: apic_id 4, version 32, address 0xfec00000, GSI 0-23
ACPI: INT_SRC_OVR (bus 0 bus_irq 0 global_irq 2 dfl dfl)
ACPI: INT_SRC_OVR (bus 0 bus_irq 9 global_irq 9 high level)
ACPI: IRQ0 used by override.
ACPI: IRQ2 used by override.
ACPI: IRQ9 used by override.
Enabling APIC mode:  Flat.  Using 1 I/O APICs
Using ACPI (MADT) for SMP configuration information
Allocating PCI resources starting at c4000000 (gap: c0000000:3ee00000)
Built 1 zonelists.  Total pages: 780209
Kernel command line: root=/dev/sda3 ro
mapped APIC to ffffd000 (fee00000)
mapped IOAPIC to ffffc000 (fec00000)
Enabling fast FPU save and restore... done.
Enabling unmasked SIMD FPU exception support... done.
Initializing CPU#0
PID hash table entries: 4096 (order: 12, 16384 bytes)
Detected 2402.435 MHz processor.
Console: colour VGA+ 80x25
Dentry cache hash table entries: 131072 (order: 7, 524288 bytes)
Inode-cache hash table entries: 65536 (order: 6, 262144 bytes)
Memory: 3110876k/3145408k available (1689k kernel code, 33248k reserved, 648k data, 244k init, 2227904k highmem)
virtual kernel memory layout:
    fixmap  : 0xfff4e000 - 0xfffff000   ( 708 kB)
    pkmap   : 0xff800000 - 0xffc00000   (4096 kB)
    vmalloc : 0xf8800000 - 0xff7fe000   ( 111 MB)
    lowmem  : 0xc0000000 - 0xf8000000   ( 896 MB)
      .init : 0xc034f000 - 0xc038c000   ( 244 kB)
      .data : 0xc02a670f - 0xc03487e4   ( 648 kB)
      .text : 0xc0100000 - 0xc02a670f   (1689 kB)
Checking if this processor honours the WP bit even in supervisor mode... Ok.
Calibrating delay using timer specific routine.. 4808.37 BogoMIPS (lpj=9616741)
Security Framework v1.0.0 initialized
SELinux:  Disabled at boot.
Capability LSM initialized
Mount-cache hash table entries: 512
CPU: After generic identify, caps: bfebfbff 20000000 00000000 00000000 0000e3bd 00000000 00000001
monitor/mwait feature present.
using mwait in idle threads.
CPU: L1 I cache: 32K, L1 D cache: 32K
CPU: L2 cache: 4096K
CPU: Physical Processor ID: 0
CPU: Processor Core ID: 0
CPU: After all inits, caps: bfebfbff 20000000 00000000 00003940 0000e3bd 00000000 00000001
Intel machine check architecture supported.
Intel machine check reporting enabled on CPU#0.
Compat vDSO mapped to ffffe000.
Checking 'hlt' instruction... OK.
SMP alternatives: switching to UP code
ACPI: Core revision 20070126
CPU0: Intel(R) Core(TM)2 Quad CPU    Q6600  @ 2.40GHz stepping 0b
SMP alternatives: switching to SMP code
Booting processor 1/1 eip 3000
Initializing CPU#1
Calibrating delay using timer specific routine.. 4805.09 BogoMIPS (lpj=9610182)
CPU: After generic identify, caps: bfebfbff 20000000 00000000 00000000 0000e3bd 00000000 00000001
monitor/mwait feature present.
CPU: L1 I cache: 32K, L1 D cache: 32K
CPU: L2 cache: 4096K
CPU: Physical Processor ID: 0
CPU: Processor Core ID: 1
CPU: After all inits, caps: bfebfbff 20000000 00000000 00003940 0000e3bd 00000000 00000001
Intel machine check architecture supported.
Intel machine check reporting enabled on CPU#1.
CPU1: Intel(R) Core(TM)2 Quad CPU    Q6600  @ 2.40GHz stepping 0b
SMP alternatives: switching to SMP code
Booting processor 2/2 eip 3000
Initializing CPU#2
Calibrating delay using timer specific routine.. 4805.12 BogoMIPS (lpj=9610245)
CPU: After generic identify, caps: bfebfbff 20000000 00000000 00000000 0000e3bd 00000000 00000001
monitor/mwait feature present.
CPU: L1 I cache: 32K, L1 D cache: 32K
CPU: L2 cache: 4096K
CPU: Physical Processor ID: 0
CPU: Processor Core ID: 2
CPU: After all inits, caps: bfebfbff 20000000 00000000 00003940 0000e3bd 00000000 00000001
Intel machine check architecture supported.
Intel machine check reporting enabled on CPU#2.
CPU2: Intel(R) Core(TM)2 Quad CPU    Q6600  @ 2.40GHz stepping 0b
SMP alternatives: switching to SMP code
Booting processor 3/3 eip 3000
Initializing CPU#3
Calibrating delay using timer specific routine.. 4805.12 BogoMIPS (lpj=9610251)
CPU: After generic identify, caps: bfebfbff 20000000 00000000 00000000 0000e3bd 00000000 00000001
monitor/mwait feature present.
CPU: L1 I cache: 32K, L1 D cache: 32K
CPU: L2 cache: 4096K
CPU: Physical Processor ID: 0
CPU: Processor Core ID: 3
CPU: After all inits, caps: bfebfbff 20000000 00000000 00003940 0000e3bd 00000000 00000001
Intel machine check architecture supported.
Intel machine check reporting enabled on CPU#3.
CPU3: Intel(R) Core(TM)2 Quad CPU    Q6600  @ 2.40GHz stepping 0b
Total of 4 processors activated (19223.70 BogoMIPS).
ENABLING IO-APIC IRQs
..TIMER: vector=0x31 apic1=0 pin1=2 apic2=-1 pin2=-1
checking TSC synchronization [CPU#0 -> CPU#1]: passed.
checking TSC synchronization [CPU#0 -> CPU#2]: passed.
checking TSC synchronization [CPU#0 -> CPU#3]: passed.
Brought up 4 CPUs
migration_cost=23,3838
Booting paravirtualized kernel on bare hardware
NET: Registered protocol family 16
ACPI: bus type pci registered
PCI: BIOS Bug: MCFG area at e0000000 is not E820-reserved
PCI: Not using MMCONFIG.
PCI: PCI BIOS revision 3.00 entry at 0xf0031, last bus=5
PCI: Using configuration type 1
Setting up standard PCI resources
ACPI: Interpreter enabled
ACPI: (supports S0 S1 S3 S4 S5)
ACPI: Using IOAPIC for interrupt routing
Error attaching device data
Error attaching device data
Error attaching device data
Error attaching device data
ACPI: PCI Root Bridge [PCI0] (0000:00)
PCI: Probing PCI hardware (bus 00)
PCI quirk: region 0800-087f claimed by ICH6 ACPI/GPIO/TCO
PCI quirk: region 0480-04bf claimed by ICH6 GPIO
PCI: Transparent bridge - 0000:00:1e.0
ACPI: PCI Interrupt Routing Table [\_SB_.PCI0._PRT]
ACPI: PCI Interrupt Routing Table [\_SB_.PCI0.P0P1._PRT]
ACPI: PCI Interrupt Routing Table [\_SB_.PCI0.P0P4._PRT]
ACPI: PCI Interrupt Routing Table [\_SB_.PCI0.P0P8._PRT]
ACPI: PCI Interrupt Routing Table [\_SB_.PCI0.P0P9._PRT]
ACPI: PCI Interrupt Link [LNKA] (IRQs 3 4 6 7 *10 11 12 14 15)
ACPI: PCI Interrupt Link [LNKB] (IRQs *5)
ACPI: PCI Interrupt Link [LNKC] (IRQs 3 4 6 7 10 11 12 *14 15)
ACPI: PCI Interrupt Link [LNKD] (IRQs 3 4 6 7 10 *11 12 14 15)
ACPI: PCI Interrupt Link [LNKE] (IRQs 3 4 6 7 10 11 12 14 15) *0, disabled.
ACPI: PCI Interrupt Link [LNKF] (IRQs 3 4 6 7 10 11 12 14 *15)
ACPI: PCI Interrupt Link [LNKG] (IRQs *3 4 6 7 10 11 12 14 15)
ACPI: PCI Interrupt Link [LNKH] (IRQs 3 4 6 *7 10 11 12 14 15)
Linux Plug and Play Support v0.97 (c) Adam Belay
pnp: PnP ACPI init
ACPI: bus type pnp registered
pnp: PnP ACPI: found 14 devices
ACPI: ACPI bus type pnp unregistered
PnPBIOS: Disabled by ACPI PNP
PCI: Using ACPI for IRQ routing
PCI: If a device doesn't work, try "pci=routeirq".  If it helps, post a report
NET: Registered protocol family 8
NET: Registered protocol family 20
ACPI: RTC can wake from S4
pnp: 00:01: iomem range 0xfed14000-0xfed19fff has been reserved
pnp: 00:07: ioport range 0xa00-0xadf has been reserved
pnp: 00:07: ioport range 0xae0-0xaef has been reserved
pnp: 00:08: iomem range 0xfed1c000-0xfed1ffff has been reserved
pnp: 00:08: iomem range 0xfed20000-0xfed8ffff has been reserved
pnp: 00:0a: iomem range 0xffc00000-0xffefffff could not be reserved
pnp: 00:0b: iomem range 0xfec00000-0xfec00fff has been reserved
pnp: 00:0b: iomem range 0xfee00000-0xfee00fff could not be reserved
pnp: 00:0c: iomem range 0xe0000000-0xefffffff has been reserved
pnp: 00:0d: iomem range 0x0-0x9ffff could not be reserved
pnp: 00:0d: iomem range 0xc0000-0xcffff could not be reserved
pnp: 00:0d: iomem range 0xe0000-0xfffff could not be reserved
pnp: 00:0d: iomem range 0x100000-0xbfffffff could not be reserved
Time: tsc clocksource has been installed.
PCI: Bridge: 0000:00:01.0
  IO window: c000-cfff
  MEM window: fa000000-fe9fffff
  PREFETCH window: d0000000-dfffffff
PCI: Bridge: 0000:00:1c.0
  IO window: disabled.
  MEM window: disabled.
  PREFETCH window: disabled.
PCI: Bridge: 0000:00:1c.4
  IO window: d000-dfff
  MEM window: fea00000-feafffff
  PREFETCH window: disabled.
PCI: Bridge: 0000:00:1c.5
  IO window: e000-efff
  MEM window: feb00000-febfffff
  PREFETCH window: disabled.
PCI: Bridge: 0000:00:1e.0
  IO window: disabled.
  MEM window: disabled.
  PREFETCH window: disabled.
ACPI: PCI Interrupt 0000:00:01.0[A] -> GSI 16 (level, low) -> IRQ 16
PCI: Setting latency timer of device 0000:00:01.0 to 64
ACPI: PCI Interrupt 0000:00:1c.0[A] -> GSI 17 (level, low) -> IRQ 17
PCI: Setting latency timer of device 0000:00:1c.0 to 64
ACPI: PCI Interrupt 0000:00:1c.4[A] -> GSI 17 (level, low) -> IRQ 17
PCI: Setting latency timer of device 0000:00:1c.4 to 64
ACPI: PCI Interrupt 0000:00:1c.5[B] -> GSI 16 (level, low) -> IRQ 16
PCI: Setting latency timer of device 0000:00:1c.5 to 64
PCI: Setting latency timer of device 0000:00:1e.0 to 64
NET: Registered protocol family 2
IP route cache hash table entries: 32768 (order: 5, 131072 bytes)
TCP established hash table entries: 131072 (order: 8, 1572864 bytes)
TCP bind hash table entries: 65536 (order: 7, 524288 bytes)
TCP: Hash tables configured (established 131072 bind 65536)
TCP reno registered
checking if image is initramfs... it is
Freeing initrd memory: 4722k freed
audit: initializing netlink socket (disabled)
audit(1207218864.936:1): initialized
highmem bounce pool size: 64 pages
VFS: Disk quotas dquot_6.5.1
Dquot-cache hash table entries: 1024 (order 0, 4096 bytes)
io scheduler noop registered
io scheduler anticipatory registered
io scheduler deadline registered
io scheduler cfq registered (default)
Boot video device is 0000:01:00.0
PCI: Setting latency timer of device 0000:00:01.0 to 64
assign_interrupt_mode Found MSI capability
Allocate Port Service[0000:00:01.0:pcie00]
PCI: Setting latency timer of device 0000:00:1c.0 to 64
assign_interrupt_mode Found MSI capability
Allocate Port Service[0000:00:1c.0:pcie00]
Allocate Port Service[0000:00:1c.0:pcie02]
PCI: Setting latency timer of device 0000:00:1c.4 to 64
assign_interrupt_mode Found MSI capability
Allocate Port Service[0000:00:1c.4:pcie00]
Allocate Port Service[0000:00:1c.4:pcie02]
PCI: Setting latency timer of device 0000:00:1c.5 to 64
assign_interrupt_mode Found MSI capability
Allocate Port Service[0000:00:1c.5:pcie00]
Allocate Port Service[0000:00:1c.5:pcie02]
isapnp: Scanning for PnP cards...
Switched to high resolution mode on CPU 1
Switched to high resolution mode on CPU 2
Switched to high resolution mode on CPU 3
Switched to high resolution mode on CPU 0
isapnp: No Plug & Play device found
Serial: 8250/16550 driver $Revision: 1.90 $ 4 ports, IRQ sharing enabled
RAMDISK driver initialized: 16 RAM disks of 8192K size 1024 blocksize
PNP: PS/2 Controller [PNP0303:PS2K] at 0x60,0x64 irq 1
PNP: PS/2 controller doesn't have AUX irq; using default 12
serio: i8042 KBD port at 0x60,0x64 irq 1
serio: i8042 AUX port at 0x60,0x64 irq 12
mice: PS/2 mouse device common for all mice
TCP bic registered
NET: Registered protocol family 1
NET: Registered protocol family 17
Using IPI No-Shortcut mode
Freeing unused kernel memory: 244k freed
input: AT Translated Set 2 keyboard as /class/input/input0
ACPI: SSDT BFFC00E0, 0277 (r1 DpgPmm  P001Ist       11 INTL 20051117)
ACPI: SSDT BFFC0570, 0277 (r1 DpgPmm  P002Ist       12 INTL 20051117)
ACPI: SSDT BFFC0A00, 0277 (r1 DpgPmm  P003Ist       12 INTL 20051117)
ACPI: SSDT BFFC0E90, 0277 (r1 DpgPmm  P004Ist       12 INTL 20051117)
usbcore: registered new interface driver usbfs
usbcore: registered new interface driver hub
usbcore: registered new device driver usb
USB Universal Host Controller Interface driver v3.0
ACPI: PCI Interrupt 0000:00:1a.0[A] -> GSI 16 (level, low) -> IRQ 16
PCI: Setting latency timer of device 0000:00:1a.0 to 64
uhci_hcd 0000:00:1a.0: UHCI Host Controller
uhci_hcd 0000:00:1a.0: new USB bus registered, assigned bus number 1
uhci_hcd 0000:00:1a.0: irq 16, io base 0x0000bc00
usb usb1: configuration #1 chosen from 1 choice
hub 1-0:1.0: USB hub found
hub 1-0:1.0: 2 ports detected
Uniform Multi-Platform E-IDE driver Revision: 7.00alpha2
ide: Assuming 33MHz system bus speed for PIO modes; override with idebus=xx
ACPI: PCI Interrupt 0000:00:1a.1[B] -> GSI 21 (level, low) -> IRQ 18
PCI: Setting latency timer of device 0000:00:1a.1 to 64
uhci_hcd 0000:00:1a.1: UHCI Host Controller
uhci_hcd 0000:00:1a.1: new USB bus registered, assigned bus number 2
uhci_hcd 0000:00:1a.1: irq 18, io base 0x0000b880
usb usb2: configuration #1 chosen from 1 choice
hub 2-0:1.0: USB hub found
hub 2-0:1.0: 2 ports detected
ACPI: PCI Interrupt 0000:00:1d.0[A] -> GSI 23 (level, low) -> IRQ 19
PCI: Setting latency timer of device 0000:00:1d.0 to 64
uhci_hcd 0000:00:1d.0: UHCI Host Controller
uhci_hcd 0000:00:1d.0: new USB bus registered, assigned bus number 3
uhci_hcd 0000:00:1d.0: irq 19, io base 0x0000b800
usb usb3: configuration #1 chosen from 1 choice
hub 3-0:1.0: USB hub found
hub 3-0:1.0: 2 ports detected
ACPI: PCI Interrupt 0000:00:1d.1[B] -> GSI 19 (level, low) -> IRQ 20
PCI: Setting latency timer of device 0000:00:1d.1 to 64
uhci_hcd 0000:00:1d.1: UHCI Host Controller
uhci_hcd 0000:00:1d.1: new USB bus registered, assigned bus number 4
uhci_hcd 0000:00:1d.1: irq 20, io base 0x0000b480
usb usb4: configuration #1 chosen from 1 choice
hub 4-0:1.0: USB hub found
hub 4-0:1.0: 2 ports detected
ACPI: PCI Interrupt 0000:00:1d.2[C] -> GSI 18 (level, low) -> IRQ 21
PCI: Setting latency timer of device 0000:00:1d.2 to 64
uhci_hcd 0000:00:1d.2: UHCI Host Controller
uhci_hcd 0000:00:1d.2: new USB bus registered, assigned bus number 5
uhci_hcd 0000:00:1d.2: irq 21, io base 0x0000b400
usb usb5: configuration #1 chosen from 1 choice
hub 5-0:1.0: USB hub found
hub 5-0:1.0: 2 ports detected
usb 2-1: new full speed USB device using uhci_hcd and address 2
ACPI: PCI Interrupt 0000:00:1d.3[D] -> GSI 16 (level, low) -> IRQ 16
PCI: Setting latency timer of device 0000:00:1d.3 to 64
uhci_hcd 0000:00:1d.3: UHCI Host Controller
uhci_hcd 0000:00:1d.3: new USB bus registered, assigned bus number 6
uhci_hcd 0000:00:1d.3: irq 16, io base 0x0000b080
usb usb6: configuration #1 chosen from 1 choice
hub 6-0:1.0: USB hub found
hub 6-0:1.0: 2 ports detected
usb 2-1: configuration #1 chosen from 1 choice
r8169 Gigabit Ethernet driver 2.2LK-NAPI loaded
ACPI: PCI Interrupt 0000:04:00.0[A] -> GSI 17 (level, low) -> IRQ 17
PCI: Setting latency timer of device 0000:04:00.0 to 64
eth0: RTL8168b/8111b at 0xf881e000, 00:19:db:d0:cc:3e, IRQ 17
ACPI: PCI Interrupt 0000:00:1a.7[C] -> GSI 18 (level, low) -> IRQ 21
PCI: Setting latency timer of device 0000:00:1a.7 to 64
ehci_hcd 0000:00:1a.7: EHCI Host Controller
ehci_hcd 0000:00:1a.7: new USB bus registered, assigned bus number 7
ehci_hcd 0000:00:1a.7: debug port 1
PCI: cache line size of 32 is not supported by device 0000:00:1a.7
ehci_hcd 0000:00:1a.7: irq 21, io mem 0xf9fffc00
SCSI subsystem initialized
libata version 2.21 loaded.
ehci_hcd 0000:00:1a.7: USB 2.0 started, EHCI 1.00, driver 10 Dec 2004
usb usb7: configuration #1 chosen from 1 choice
hub 7-0:1.0: USB hub found
hub 7-0:1.0: 4 ports detected
Initializing USB Mass Storage driver...
ACPI: PCI Interrupt 0000:00:1d.7[A] -> GSI 23 (level, low) -> IRQ 19
PCI: Setting latency timer of device 0000:00:1d.7 to 64
ehci_hcd 0000:00:1d.7: EHCI Host Controller
ehci_hcd 0000:00:1d.7: new USB bus registered, assigned bus number 8
ehci_hcd 0000:00:1d.7: debug port 1
PCI: cache line size of 32 is not supported by device 0000:00:1d.7
ehci_hcd 0000:00:1d.7: irq 19, io mem 0xf9fff800
usb 5-1: new full speed USB device using uhci_hcd and address 2
ehci_hcd 0000:00:1d.7: USB 2.0 started, EHCI 1.00, driver 10 Dec 2004
usb usb8: configuration #1 chosen from 1 choice
hub 8-0:1.0: USB hub found
hub 8-0:1.0: 8 ports detected
ata_piix 0000:00:1f.2: version 2.11
ata_piix 0000:00:1f.2: MAP [ P0 P2 P1 P3 ]
ACPI: PCI Interrupt 0000:00:1f.2[B] -> GSI 19 (level, low) -> IRQ 20
PCI: Setting latency timer of device 0000:00:1f.2 to 64
scsi0 : ata_piix
scsi1 : ata_piix
ata1: SATA max UDMA/133 cmd 0x0001b000 ctl 0x0001ac02 bmdma 0x0001a480 irq 20
ata2: SATA max UDMA/133 cmd 0x0001a880 ctl 0x0001a802 bmdma 0x0001a488 irq 20
usb 2-1: USB disconnect, address 2
usbcore: registered new interface driver usb-storage
USB Mass Storage support registered.
ata1.01: ATA-8: SAMSUNG HD501LJ, CR100-12, max UDMA7
ata1.01: 976773168 sectors, multi 16: LBA48 NCQ (depth 0/32)
ata1.01: configured for UDMA/133
usb 7-3: new high speed USB device using ehci_hcd and address 2
ata2.01: ATAPI: TSSTcorp CDDVDW SH-S203D, SB00, max UDMA/100
usb 7-3: configuration #1 chosen from 1 choice
scsi2 : SCSI emulation for USB Mass Storage devices
usb-storage: device found at 2
usb-storage: waiting for device to settle before scanning
ata2.01: configured for UDMA/100
scsi 0:0:1:0: Direct-Access     ATA      SAMSUNG HD501LJ  CR10 PQ: 0 ANSI: 5
scsi 1:0:1:0: CD-ROM            TSSTcorp CDDVDW SH-S203D  SB00 PQ: 0 ANSI: 5
ata_piix 0000:00:1f.5: MAP [ P0 P2 P1 P3 ]
ACPI: PCI Interrupt 0000:00:1f.5[B] -> GSI 19 (level, low) -> IRQ 20
PCI: Setting latency timer of device 0000:00:1f.5 to 64
scsi3 : ata_piix
scsi4 : ata_piix
ata3: SATA max UDMA/133 cmd 0x0001a000 ctl 0x00019c02 bmdma 0x00019480 irq 20
ata4: SATA max UDMA/133 cmd 0x00019880 ctl 0x00019802 bmdma 0x00019488 irq 20
sd 0:0:1:0: [sda] 976773168 512-byte hardware sectors (500108 MB)
sd 0:0:1:0: [sda] Write Protect is off
sd 0:0:1:0: [sda] Mode Sense: 00 3a 00 00
sd 0:0:1:0: [sda] Write cache: enabled, read cache: enabled, doesn't support DPO or FUA
sd 0:0:1:0: [sda] 976773168 512-byte hardware sectors (500108 MB)
sd 0:0:1:0: [sda] Write Protect is off
sd 0:0:1:0: [sda] Mode Sense: 00 3a 00 00
sd 0:0:1:0: [sda] Write cache: enabled, read cache: enabled, doesn't support DPO or FUA
 sda: sda1 sda2 sda3 sda4
sd 0:0:1:0: [sda] Attached SCSI disk
usb 5-1: new full speed USB device using uhci_hcd and address 3
Attempting manual resume
kjournald starting.  Commit interval 5 seconds
EXT3-fs: mounted filesystem with ordered data mode.
usb 5-1: configuration #1 chosen from 1 choice
hub 5-1:1.0: USB hub found
hub 5-1:1.0: 3 ports detected
usb 5-2: new low speed USB device using uhci_hcd and address 4
usb 5-2: configuration #1 chosen from 1 choice
usb 5-1.1: new full speed USB device using uhci_hcd and address 5
usb 5-1.1: configuration #1 chosen from 1 choice
usb 5-1.2: new full speed USB device using uhci_hcd and address 6
usb 5-1.2: configuration #1 chosen from 1 choice
usb 5-1.3: new full speed USB device using uhci_hcd and address 7
usb 5-1.3: configuration #1 chosen from 1 choice
sr0: scsi3-mmc drive: 48x/48x writer dvd-ram cd/rw xa/form2 cdda tray
Uniform CD-ROM driver Revision: 3.20
sr 1:0:1:0: Attached scsi CD-ROM sr0
Real Time Clock Driver v1.12ac
Linux agpgart interface v0.102 (c) Dave Jones
input: PC Speaker as /class/input/input1
sd 0:0:1:0: Attached scsi generic sg0 type 0
sr 1:0:1:0: Attached scsi generic sg1 type 5
ACPI: PCI Interrupt 0000:00:1f.3[C] -> GSI 18 (level, low) -> IRQ 21
Bluetooth: Core ver 2.11
NET: Registered protocol family 31
Bluetooth: HCI device and connection manager initialized
Bluetooth: HCI socket layer initialized
Bluetooth: HCI USB driver ver 2.9
usbcore: registered new interface driver hci_usb
usbcore: registered new interface driver hiddev
input: Logitech USB-PS/2 Optical Mouse as /class/input/input2
input: USB HID v1.10 Mouse [Logitech USB-PS/2 Optical Mouse] on usb-0000:00:1d.2-2
input: Broadcom Corp ANYCOM Bluetooth USB-200 UHE as /class/input/input3
input: USB HID v1.11 Keyboard [Broadcom Corp ANYCOM Bluetooth USB-200 UHE] on usb-0000:00:1d.2-1.2
input: Broadcom Corp ANYCOM Bluetooth USB-200 UHE as /class/input/input4
input: USB HID v1.11 Mouse [Broadcom Corp ANYCOM Bluetooth USB-200 UHE] on usb-0000:00:1d.2-1.3
usbcore: registered new interface driver usbhid
drivers/hid/usbhid/hid-core.c: v2.6:USB HID core driver
ACPI: PCI Interrupt 0000:00:1b.0[A] -> GSI 22 (level, low) -> IRQ 22
PCI: Setting latency timer of device 0000:00:1b.0 to 64
hda_codec: Unknown model for ALC883, trying auto-probe from BIOS...
Adding 2963984k swap on /dev/sda4.  Priority:-1 extents:1 across:2963984k
EXT3 FS on sda3, internal journal
loop: module loaded
ACPI: PCI Interrupt 0000:01:00.0[A] -> GSI 16 (level, low) -> IRQ 16
nvidiafb: Device ID: 10de0402
nvidiafb: unknown NV_ARCH
device-mapper: ioctl: 4.11.0-ioctl (2006-10-12) initialised: dm-devel@redhat.com
usb-storage: device scan complete
scsi 2:0:0:0: Direct-Access     Generic  USB SD Reader    1.00 PQ: 0 ANSI: 0
scsi 2:0:0:1: Direct-Access     Generic  USB CF Reader    1.01 PQ: 0 ANSI: 0
scsi 2:0:0:2: Direct-Access     Generic  USB SM Reader    1.02 PQ: 0 ANSI: 0
scsi 2:0:0:3: Direct-Access     Generic  USB MS Reader    1.03 PQ: 0 ANSI: 0
sd 2:0:0:0: [sdb] Attached SCSI removable disk
sd 2:0:0:0: Attached scsi generic sg2 type 0
sd 2:0:0:1: [sdc] Attached SCSI removable disk
sd 2:0:0:1: Attached scsi generic sg3 type 0
sd 2:0:0:2: [sdd] Attached SCSI removable disk
sd 2:0:0:2: Attached scsi generic sg4 type 0
sd 2:0:0:3: [sde] Attached SCSI removable disk
sd 2:0:0:3: Attached scsi generic sg5 type 0
r8169: eth0: link up
r8169: eth0: link up
input: Power Button (FF) as /class/input/input5
ACPI: Power Button (FF) [PWRF]
input: Power Button (CM) as /class/input/input6
ACPI: Power Button (CM) [PWRB]
tsdev (compaq touchscreen emulation) is scheduled for removal.
See Documentation/feature-removal-schedule.txt for details.
tsdev (compaq touchscreen emulation) is scheduled for removal.
See Documentation/feature-removal-schedule.txt for details.
NET: Registered protocol family 10
lo: Disabled Privacy Extensions
eth0: no IPv6 routers present
usb 7-3: reset high speed USB device using ehci_hcd and address 2
NTFS driver 2.1.28 [Flags: R/W MODULE].
NTFS volume version 3.1.
usb 7-3: reset high speed USB device using ehci_hcd and address 2
usb 7-3: reset high speed USB device using ehci_hcd and address 2
usb 7-3: reset high speed USB device using ehci_hcd and address 2
usb 7-3: reset high speed USB device using ehci_hcd and address 2
usb 7-3: reset high speed USB device using ehci_hcd and address 2
usb 7-3: reset high speed USB device using ehci_hcd and address 2[/code]

[code]lottikarotti:~# uname -a
Linux lottikarotti 2.6.22-4-686 #1 SMP Tue Feb 12 16:29:32 UTC 2008 i686 GNU/Linux    

